// Vitest Snapshot v1, https://vitest.dev/guide/snapshot.html

exports[`components/Navbar.vue > renders correctly 1`] = `
<nav
  aria-label="main navigation"
  class="navbar is-primary"
  role="navigation"
>
  <div
    class="navbar-brand"
  >
    <a
      class="navbar-item has-text-weight-bold"
    >
      <img
        alt="Logo"
        class="images"
        src="/assets/img/logo.svg"
      />
      <span
        class="is-hidden-mobile"
      >
        Consumer DDR
      </span>
    </a>
    <search-box-stub
      class="navbar-item"
    />
    <a
      aria-expanded="false"
      aria-label="menu"
      class="navbar-burger"
      data-target="navbarMenu"
      role="button"
    >
      <span
        aria-hidden="true"
      />
      <span
        aria-hidden="true"
      />
      <span
        aria-hidden="true"
      />
    </a>
  </div>
  <div
    class="navbar-menu"
    id="navbarMenu"
  >
    <div
      class="navbar-start"
    >
      <a
        class="navbar-item"
      >
        Songs
      </a>
    </div>
  </div>
</nav>
`;
