// Jest Snapshot v1, https://goo.gl/fbAQLP

exports[`pages/series/_id/index.vue renders correctly 1`] = `
<section
  class="section"
>
  <h1
    class="title"
  >
    Dance Dance Revolution
  </h1>
   
  <h2
    class="subtitle"
  >
    Play Station(JP)
  </h2>
   
  <div
    class="b-table"
  >
    <!---->
     
    <!---->
     
    <!---->
     
    <!---->
    <!---->
    <!---->
    <!---->
    <div
      class="table-wrapper has-mobile-cards"
    >
      <table
        class="table is-striped is-narrow"
      >
        <thead>
          <tr>
            <!---->
            <!---->
            <th
              class=""
              draggable="false"
            >
              <div
                class="th-wrap"
              >
                <span
                  class="is-relative"
                >
                   Name 
                  <span
                    class="icon sort-icon is-small is-invisible"
                  >
                    <i
                      class="mdi mdi-arrow-up"
                    />
                  </span>
                </span>
              </div>
            </th>
            <th
              class=""
              draggable="false"
            >
              <div
                class="th-wrap"
              >
                <span
                  class="is-relative"
                >
                   Artist 
                  <span
                    class="icon sort-icon is-small is-invisible"
                  >
                    <i
                      class="mdi mdi-arrow-up"
                    />
                  </span>
                </span>
              </div>
            </th>
            <th
              class=""
              draggable="false"
            >
              <div
                class="th-wrap"
              >
                <span
                  class="is-relative"
                >
                   BPM 
                  <span
                    class="icon sort-icon is-small is-invisible"
                  >
                    <i
                      class="mdi mdi-arrow-up"
                    />
                  </span>
                </span>
              </div>
            </th>
            <th
              class=""
              draggable="false"
            >
              <div
                class="th-wrap"
              >
                <span
                  class="is-relative"
                >
                   SINGLE 
                  <span
                    class="icon sort-icon is-small is-invisible"
                  >
                    <i
                      class="mdi mdi-arrow-up"
                    />
                  </span>
                </span>
              </div>
            </th>
            <th
              class=""
              draggable="false"
            >
              <div
                class="th-wrap"
              >
                <span
                  class="is-relative"
                >
                   DOUBLE 
                  <span
                    class="icon sort-icon is-small is-invisible"
                  >
                    <i
                      class="mdi mdi-arrow-up"
                    />
                  </span>
                </span>
              </div>
            </th>
            <!---->
          </tr>
          <!---->
          <!---->
        </thead>
        <tbody>
          <tr
            class=""
            draggable="false"
          >
            <!---->
            <!---->
            <td
              class=""
              data-label="Name"
            >
              <a>
                
        MAKE IT BETTER
      
              </a>
            </td>
            <td
              class=""
              data-label="Artist"
            >
              <span>
                mitsu-O!
              </span>
            </td>
            <td
              class=""
              data-label="BPM"
            >
              
      118
    
            </td>
            <td
              class=""
              data-label="SINGLE"
            >
              <div
                class="tags has-addons"
              >
                <span
                  class="tag is-basic"
                >
                  <span
                    class=""
                  >
                    <span
                      class="b-tooltip is-primary is-top is-medium"
                    >
                      <transition-stub
                        name="fade"
                      >
                        <div
                          class="tooltip-content"
                          style="display: none;"
                        >
                          BASIC
                        </div>
                      </transition-stub>
                      <div
                        class="tooltip-trigger"
                      >
                        
            5
          
                      </div>
                    </span>
                  </span>
                  <!---->
                </span>
                <span
                  class="tag is-difficult"
                >
                  <span
                    class=""
                  >
                    <span
                      class="b-tooltip is-primary is-top is-medium"
                    >
                      <transition-stub
                        name="fade"
                      >
                        <div
                          class="tooltip-content"
                          style="display: none;"
                        >
                          ANOTHER
                        </div>
                      </transition-stub>
                      <div
                        class="tooltip-trigger"
                      >
                        
            6
          
                      </div>
                    </span>
                  </span>
                  <!---->
                </span>
                <span
                  class="tag is-expert"
                >
                  <span
                    class=""
                  >
                    <span
                      class="b-tooltip is-primary is-top is-medium"
                    >
                      <transition-stub
                        name="fade"
                      >
                        <div
                          class="tooltip-content"
                          style="display: none;"
                        >
                          MANIAC
                        </div>
                      </transition-stub>
                      <div
                        class="tooltip-trigger"
                      >
                        
            8
          
                      </div>
                    </span>
                  </span>
                  <!---->
                </span>
              </div>
            </td>
            <td
              class=""
              data-label="DOUBLE"
            >
              <div
                class="tags has-addons"
              >
                <span
                  class="tag is-basic"
                >
                  <span
                    class=""
                  >
                    <span
                      class="b-tooltip is-primary is-top is-medium"
                    >
                      <transition-stub
                        name="fade"
                      >
                        <div
                          class="tooltip-content"
                          style="display: none;"
                        >
                          BASIC
                        </div>
                      </transition-stub>
                      <div
                        class="tooltip-trigger"
                      >
                        
            5
          
                      </div>
                    </span>
                  </span>
                  <!---->
                </span>
                <span
                  class="tag is-difficult"
                >
                  <span
                    class=""
                  >
                    <span
                      class="b-tooltip is-primary is-top is-medium"
                    >
                      <transition-stub
                        name="fade"
                      >
                        <div
                          class="tooltip-content"
                          style="display: none;"
                        >
                          ANOTHER
                        </div>
                      </transition-stub>
                      <div
                        class="tooltip-trigger"
                      >
                        
            6
          
                      </div>
                    </span>
                  </span>
                  <!---->
                </span>
              </div>
            </td>
            <!---->
          </tr>
          <transition-stub
            name=""
          >
            <!---->
          </transition-stub>
          <!---->
          <tr
            class=""
            draggable="false"
          >
            <!---->
            <!---->
            <td
              class=""
              data-label="Name"
            >
              <a>
                
        PARANOiA
      
              </a>
            </td>
            <td
              class=""
              data-label="Artist"
            >
              <span>
                180
              </span>
            </td>
            <td
              class=""
              data-label="BPM"
            >
              
      180
    
            </td>
            <td
              class=""
              data-label="SINGLE"
            >
              <div
                class="tags has-addons"
              >
                <span
                  class="tag is-basic"
                >
                  <span
                    class=""
                  >
                    <span
                      class="b-tooltip is-primary is-top is-medium"
                    >
                      <transition-stub
                        name="fade"
                      >
                        <div
                          class="tooltip-content"
                          style="display: none;"
                        >
                          BASIC
                        </div>
                      </transition-stub>
                      <div
                        class="tooltip-trigger"
                      >
                        
            6
          
                      </div>
                    </span>
                  </span>
                  <!---->
                </span>
                <span
                  class="tag is-difficult"
                >
                  <span
                    class=""
                  >
                    <span
                      class="b-tooltip is-primary is-top is-medium"
                    >
                      <transition-stub
                        name="fade"
                      >
                        <div
                          class="tooltip-content"
                          style="display: none;"
                        >
                          ANOTHER
                        </div>
                      </transition-stub>
                      <div
                        class="tooltip-trigger"
                      >
                        
            7
          
                      </div>
                    </span>
                  </span>
                  <!---->
                </span>
                <span
                  class="tag is-expert"
                >
                  <span
                    class=""
                  >
                    <span
                      class="b-tooltip is-primary is-top is-medium"
                    >
                      <transition-stub
                        name="fade"
                      >
                        <div
                          class="tooltip-content"
                          style="display: none;"
                        >
                          MANIAC
                        </div>
                      </transition-stub>
                      <div
                        class="tooltip-trigger"
                      >
                        
            8
          
                      </div>
                    </span>
                  </span>
                  <!---->
                </span>
              </div>
            </td>
            <td
              class=""
              data-label="DOUBLE"
            >
              <div
                class="tags has-addons"
              >
                <span
                  class="tag is-basic"
                >
                  <span
                    class=""
                  >
                    <span
                      class="b-tooltip is-primary is-top is-medium"
                    >
                      <transition-stub
                        name="fade"
                      >
                        <div
                          class="tooltip-content"
                          style="display: none;"
                        >
                          BASIC
                        </div>
                      </transition-stub>
                      <div
                        class="tooltip-trigger"
                      >
                        
            7
          
                      </div>
                    </span>
                  </span>
                  <!---->
                </span>
                <span
                  class="tag is-difficult"
                >
                  <span
                    class=""
                  >
                    <span
                      class="b-tooltip is-primary is-top is-medium"
                    >
                      <transition-stub
                        name="fade"
                      >
                        <div
                          class="tooltip-content"
                          style="display: none;"
                        >
                          ANOTHER
                        </div>
                      </transition-stub>
                      <div
                        class="tooltip-trigger"
                      >
                        
            8
          
                      </div>
                    </span>
                  </span>
                  <!---->
                </span>
              </div>
            </td>
            <!---->
          </tr>
          <transition-stub
            name=""
          >
            <!---->
          </transition-stub>
          <!---->
          <tr
            class=""
            draggable="false"
          >
            <!---->
            <!---->
            <td
              class=""
              data-label="Name"
            >
              <a>
                
        TRIP MACHINE
      
              </a>
            </td>
            <td
              class=""
              data-label="Artist"
            >
              <span>
                DE-SIRE
              </span>
            </td>
            <td
              class=""
              data-label="BPM"
            >
              
      160
    
            </td>
            <td
              class=""
              data-label="SINGLE"
            >
              <div
                class="tags has-addons"
              >
                <span
                  class="tag is-basic"
                >
                  <span
                    class=""
                  >
                    <span
                      class="b-tooltip is-primary is-top is-medium"
                    >
                      <transition-stub
                        name="fade"
                      >
                        <div
                          class="tooltip-content"
                          style="display: none;"
                        >
                          BASIC
                        </div>
                      </transition-stub>
                      <div
                        class="tooltip-trigger"
                      >
                        
            6
          
                      </div>
                    </span>
                  </span>
                  <!---->
                </span>
                <span
                  class="tag is-difficult"
                >
                  <span
                    class=""
                  >
                    <span
                      class="b-tooltip is-primary is-top is-medium"
                    >
                      <transition-stub
                        name="fade"
                      >
                        <div
                          class="tooltip-content"
                          style="display: none;"
                        >
                          ANOTHER
                        </div>
                      </transition-stub>
                      <div
                        class="tooltip-trigger"
                      >
                        
            7
          
                      </div>
                    </span>
                  </span>
                  <!---->
                </span>
                <span
                  class="tag is-expert"
                >
                  <span
                    class=""
                  >
                    <span
                      class="b-tooltip is-primary is-top is-medium"
                    >
                      <transition-stub
                        name="fade"
                      >
                        <div
                          class="tooltip-content"
                          style="display: none;"
                        >
                          MANIAC
                        </div>
                      </transition-stub>
                      <div
                        class="tooltip-trigger"
                      >
                        
            8
          
                      </div>
                    </span>
                  </span>
                  <!---->
                </span>
              </div>
            </td>
            <td
              class=""
              data-label="DOUBLE"
            >
              <div
                class="tags has-addons"
              >
                <span
                  class="tag is-basic"
                >
                  <span
                    class=""
                  >
                    <span
                      class="b-tooltip is-primary is-top is-medium"
                    >
                      <transition-stub
                        name="fade"
                      >
                        <div
                          class="tooltip-content"
                          style="display: none;"
                        >
                          BASIC
                        </div>
                      </transition-stub>
                      <div
                        class="tooltip-trigger"
                      >
                        
            7
          
                      </div>
                    </span>
                  </span>
                  <!---->
                </span>
                <span
                  class="tag is-difficult"
                >
                  <span
                    class=""
                  >
                    <span
                      class="b-tooltip is-primary is-top is-medium"
                    >
                      <transition-stub
                        name="fade"
                      >
                        <div
                          class="tooltip-content"
                          style="display: none;"
                        >
                          ANOTHER
                        </div>
                      </transition-stub>
                      <div
                        class="tooltip-trigger"
                      >
                        
            8
          
                      </div>
                    </span>
                  </span>
                  <!---->
                </span>
              </div>
            </td>
            <!---->
          </tr>
          <transition-stub
            name=""
          >
            <!---->
          </transition-stub>
          <!---->
          <!---->
        </tbody>
        <!---->
      </table>
      <!---->
    </div>
    <!---->
  </div>
</section>
`;
